#-----------------------------------------------------------
# Vivado v2025.2 (64-bit)
# SW Build 6299465 on Fri Nov 14 12:34:56 MST 2025
# IP Build 6300035 on Fri Nov 14 10:48:45 MST 2025
# SharedData Build 6298862 on Thu Nov 13 04:50:51 MST 2025
# Start of session at: Wed Sep  9 16:03:01 2026
# Process ID         : 1724713
# Current directory  : /home/pouria/Desktop/codes/FPGA/VIVADO/heichip_1v0/heichip_1v0.runs/design_1_proc_sys_reset_0_0_synth_1
# Command line       : vivado -log design_1_proc_sys_reset_0_0.vds -product Vivado -mode batch -messageDb vivado.pb -notrace -source design_1_proc_sys_reset_0_0.tcl
# Log file           : /home/pouria/Desktop/codes/FPGA/VIVADO/heichip_1v0/heichip_1v0.runs/design_1_proc_sys_reset_0_0_synth_1/design_1_proc_sys_reset_0_0.vds
# Journal file       : /home/pouria/Desktop/codes/FPGA/VIVADO/heichip_1v0/heichip_1v0.runs/design_1_proc_sys_reset_0_0_synth_1/vivado.jou
# Running On         : pouria-HP-Elite-Tower-800-G9-Desktop-PC
# Platform           : Ubuntu
# Operating System   : Ubuntu 22.04.3 LTS
# Processor Detail   : 12th Gen Intel(R) Core(TM) i9-12900
# CPU Frequency      : 1392.972 MHz
# CPU Physical cores : 16
# CPU Logical cores  : 24
# Host memory        : 67072 MB
# Swap memory        : 23232 MB
# Total Virtual      : 90304 MB
# Available Virtual  : 62618 MB
#-----------------------------------------------------------
source design_1_proc_sys_reset_0_0.tcl -notrace
