#-----------------------------------------------------------
# Vivado v2025.2 (64-bit)
# SW Build 6299465 on Fri Nov 14 19:35:11 GMT 2025
# IP Build 6300035 on Fri Nov 14 10:48:45 MST 2025
# SharedData Build 6298862 on Thu Nov 13 04:50:51 MST 2025
# Start of session at: Mon Sep  7 12:58:28 2026
# Process ID         : 22852
# Current directory  : C:/Users/GP/Desktop/FPGA/heichip_1v0/heichip_1v0.runs/impl_1
# Command line       : vivado.exe -log design_1_wrapper.vdi -applog -product Vivado -messageDb vivado.pb -mode batch -source design_1_wrapper.tcl -notrace
# Log file           : C:/Users/GP/Desktop/FPGA/heichip_1v0/heichip_1v0.runs/impl_1/design_1_wrapper.vdi
# Journal file       : C:/Users/GP/Desktop/FPGA/heichip_1v0/heichip_1v0.runs/impl_1\vivado.jou
# Running On         : DESKTOP-7K916Q2
# Platform           : Windows Server 2016 or Windows 10
# Operating System   : 26200
# Processor Detail   : 13th Gen Intel(R) Core(TM) i7-1355U
# CPU Frequency      : 2611 MHz
# CPU Physical cores : 10
# CPU Logical cores  : 12
# Host memory        : 16836 MB
# Swap memory        : 14658 MB
# Total Virtual      : 31495 MB
# Available Virtual  : 2805 MB
#-----------------------------------------------------------
source design_1_wrapper.tcl -notrace
